[2023-02-21 19:20:28] [DEBUG   ] discord.client: onMessage has successfully been registered as an event
[2023-02-21 19:20:28] [DEBUG   ] discord.client: on_command_error has successfully been registered as an event
[2023-02-21 19:20:28] [DEBUG   ] discord.client: on_ready has successfully been registered as an event
[2023-02-21 19:20:28] [INFO    ] discord.client: logging in using static token
[2023-02-21 19:20:29] [INFO    ] discord.gateway: Shard ID None has connected to Gateway (Session ID: 844538e1aa5213aeb775f4d47c7fbc77).
[2023-02-21 19:21:31] [DEBUG   ] discord.client: onMessage has successfully been registered as an event
[2023-02-21 19:21:31] [DEBUG   ] discord.client: on_command_error has successfully been registered as an event
[2023-02-21 19:21:31] [DEBUG   ] discord.client: on_ready has successfully been registered as an event
[2023-02-21 19:21:31] [INFO    ] discord.client: logging in using static token
[2023-02-21 19:21:32] [INFO    ] discord.gateway: Shard ID None has connected to Gateway (Session ID: 286331a1100edea6241eea846814c899).
[2023-02-21 19:22:46] [DEBUG   ] discord.client: onMessage has successfully been registered as an event
[2023-02-21 19:22:46] [DEBUG   ] discord.client: on_command_error has successfully been registered as an event
[2023-02-21 19:22:46] [DEBUG   ] discord.client: on_ready has successfully been registered as an event
[2023-02-21 19:22:46] [INFO    ] discord.client: logging in using static token
[2023-02-21 19:22:47] [INFO    ] discord.gateway: Shard ID None has connected to Gateway (Session ID: c3fade3de31ffc0c6748af973ca05cb3).
[2023-02-21 19:36:26] [DEBUG   ] discord.client: onMessage has successfully been registered as an event
[2023-02-21 19:36:26] [DEBUG   ] discord.client: on_command_error has successfully been registered as an event
[2023-02-21 19:36:26] [DEBUG   ] discord.client: on_ready has successfully been registered as an event
[2023-02-21 19:36:26] [INFO    ] discord.client: logging in using static token
[2023-02-21 19:36:40] [DEBUG   ] discord.client: onMessage has successfully been registered as an event
[2023-02-21 19:36:40] [DEBUG   ] discord.client: on_command_error has successfully been registered as an event
[2023-02-21 19:36:40] [DEBUG   ] discord.client: on_ready has successfully been registered as an event
[2023-02-21 19:36:40] [INFO    ] discord.client: logging in using static token
[2023-02-21 19:36:41] [INFO    ] discord.gateway: Shard ID None has connected to Gateway (Session ID: 59521b392403d97e0367770bb3c13f7e).
[2023-02-21 19:36:48] [DEBUG   ] discord.client: onMessage has successfully been registered as an event
[2023-02-21 19:36:48] [DEBUG   ] discord.client: on_command_error has successfully been registered as an event
[2023-02-21 19:36:48] [DEBUG   ] discord.client: on_ready has successfully been registered as an event
[2023-02-21 19:36:48] [INFO    ] discord.client: logging in using static token
[2023-02-21 19:36:49] [INFO    ] discord.gateway: Shard ID None has connected to Gateway (Session ID: 539a4710e5278e78a8acc8dee5a3611d).
[2023-02-23 17:00:45] [DEBUG   ] discord.client: onMessage has successfully been registered as an event
[2023-02-23 17:00:45] [DEBUG   ] discord.client: on_command_error has successfully been registered as an event
[2023-02-23 17:00:45] [DEBUG   ] discord.client: on_ready has successfully been registered as an event
[2023-02-23 17:00:45] [INFO    ] discord.client: logging in using static token
[2023-02-23 17:00:46] [INFO    ] discord.gateway: Shard ID None has connected to Gateway (Session ID: a9074a929e262a2a23faeed4957927ad).
[2023-02-23 17:02:18] [DEBUG   ] discord.client: onMessage has successfully been registered as an event
[2023-02-23 17:02:18] [DEBUG   ] discord.client: on_command_error has successfully been registered as an event
[2023-02-23 17:02:18] [DEBUG   ] discord.client: on_ready has successfully been registered as an event
[2023-02-23 17:02:18] [INFO    ] discord.client: logging in using static token
[2023-02-23 17:02:19] [INFO    ] discord.gateway: Shard ID None has connected to Gateway (Session ID: fca75d6536f782f15b504e1315177b8e).
[2023-02-23 17:02:59] [DEBUG   ] discord.client: onMessage has successfully been registered as an event
[2023-02-23 17:02:59] [DEBUG   ] discord.client: on_command_error has successfully been registered as an event
[2023-02-23 17:02:59] [DEBUG   ] discord.client: on_ready has successfully been registered as an event
[2023-02-23 17:02:59] [INFO    ] discord.client: logging in using static token
[2023-02-23 17:03:00] [INFO    ] discord.gateway: Shard ID None has connected to Gateway (Session ID: b1832c855f2514f956744d7cff4e5767).
[2023-02-23 17:03:11] [ERROR   ] discord.client: Ignoring exception in on_command_error
Traceback (most recent call last):
  File "C:\Users\Thoma\AppData\Local\Programs\Python\Python39\lib\site-packages\discord\ext\commands\core.py", line 190, in wrapped
    ret = await coro(*args, **kwargs)
  File "C:\codeProjects\Fal\Fal Tracker\main.py", line 279, in qtion
    response = chatBot.GetResponse(arg)
  File "C:\codeProjects\Fal\Fal Tracker\chatBot.py", line 21, in GetResponse
    if moderatedPrompt[0].results.flagged == True:
KeyError: 0

The above exception was the direct cause of the following exception:

Traceback (most recent call last):
  File "C:\Users\Thoma\AppData\Local\Programs\Python\Python39\lib\site-packages\discord\client.py", line 409, in _run_event
    await coro(*args, **kwargs)
  File "C:\codeProjects\Fal\Fal Tracker\main.py", line 239, in on_command_error
    raise error
  File "C:\Users\Thoma\AppData\Local\Programs\Python\Python39\lib\site-packages\discord\ext\commands\bot.py", line 1347, in invoke
    await ctx.command.invoke(ctx)
  File "C:\Users\Thoma\AppData\Local\Programs\Python\Python39\lib\site-packages\discord\ext\commands\core.py", line 986, in invoke
    await injected(*ctx.args, **ctx.kwargs)  # type: ignore
  File "C:\Users\Thoma\AppData\Local\Programs\Python\Python39\lib\site-packages\discord\ext\commands\core.py", line 199, in wrapped
    raise CommandInvokeError(exc) from exc
discord.ext.commands.errors.CommandInvokeError: Command raised an exception: KeyError: 0
[2023-02-23 17:08:16] [DEBUG   ] discord.client: onMessage has successfully been registered as an event
[2023-02-23 17:08:16] [DEBUG   ] discord.client: on_command_error has successfully been registered as an event
[2023-02-23 17:08:16] [DEBUG   ] discord.client: on_ready has successfully been registered as an event
[2023-02-23 17:08:16] [INFO    ] discord.client: logging in using static token
[2023-02-23 17:08:17] [INFO    ] discord.gateway: Shard ID None has connected to Gateway (Session ID: 93e9cd452619431cc65ef5bbe39655a6).
[2023-02-23 17:12:23] [DEBUG   ] discord.client: onMessage has successfully been registered as an event
[2023-02-23 17:12:23] [DEBUG   ] discord.client: on_command_error has successfully been registered as an event
[2023-02-23 17:12:23] [DEBUG   ] discord.client: on_ready has successfully been registered as an event
[2023-02-23 17:12:23] [INFO    ] discord.client: logging in using static token
[2023-02-23 17:12:24] [INFO    ] discord.gateway: Shard ID None has connected to Gateway (Session ID: 5944ba870396ac77015afa5deeec7d72).
[2023-02-23 17:13:44] [DEBUG   ] discord.client: onMessage has successfully been registered as an event
[2023-02-23 17:13:44] [DEBUG   ] discord.client: on_command_error has successfully been registered as an event
[2023-02-23 17:13:44] [DEBUG   ] discord.client: on_ready has successfully been registered as an event
[2023-02-23 17:13:44] [INFO    ] discord.client: logging in using static token
[2023-02-23 17:13:45] [INFO    ] discord.gateway: Shard ID None has connected to Gateway (Session ID: 0424641362bc17336715a4a595d88889).
